// Jest Snapshot v1, https://goo.gl/fbAQLP

exports[`Button should render the component 1`] = `
<div>
  <button
    class="button"
  />
</div>
`;
